2026-09-30T20:39:07,984 [main] INFO  (JsonTestDataHelper.java:32) - Leyendo datos de prueba de resources/testdata/employees.json
2026-09-30T20:39:08,031 [main] INFO  (JsonTestDataHelper.java:36) - Casos leidos: 2
2026-09-30T20:41:07,553 [main] INFO  (BaseTest.java:49) - Navegando a https://opensource-demo.orangehrmlive.com/web/index.php/auth/login con chrome
2026-09-30T20:41:07,590 [main] INFO  (JsonTestDataHelper.java:32) - Leyendo datos de prueba de resources/testdata/employees.json
2026-09-30T20:41:07,593 [main] INFO  (JsonTestDataHelper.java:36) - Casos leidos: 2
2026-09-30T20:41:59,774 [main] INFO  (JsonTestDataHelper.java:32) - Leyendo datos de prueba de resources/testdata/employees.json
2026-09-30T20:41:59,814 [main] INFO  (JsonTestDataHelper.java:36) - Casos leidos: 2
2026-09-30T20:43:48,426 [main] INFO  (JsonTestDataHelper.java:32) - Leyendo datos de prueba de resources/testdata/employees.json
2026-09-30T20:43:48,489 [main] INFO  (JsonTestDataHelper.java:36) - Casos leidos: 2
2026-09-30T20:44:26,166 [main] INFO  (BaseTest.java:49) - Navegando a https://opensource-demo.orangehrmlive.com/web/index.php/auth/login con chrome
2026-09-30T20:46:34,590 [main] INFO  (JsonTestDataHelper.java:32) - Leyendo datos de prueba de resources/testdata/employees.json
2026-09-30T20:46:34,638 [main] INFO  (JsonTestDataHelper.java:36) - Casos leidos: 2
2026-09-30T20:46:40,379 [main] INFO  (BaseTest.java:49) - Navegando a https://opensource-demo.orangehrmlive.com/web/index.php/auth/login con chrome
2026-09-30T20:47:18,468 [main] INFO  (BaseTest.java:49) - Navegando a https://opensource-demo.orangehrmlive.com/web/index.php/auth/login con chrome
2026-09-30T20:51:13,875 [main] INFO  (JsonTestDataHelper.java:32) - Leyendo datos de prueba de resources/testdata/employees.json
2026-09-30T20:51:13,928 [main] INFO  (JsonTestDataHelper.java:36) - Casos leidos: 2
2026-09-30T20:51:19,079 [main] INFO  (BaseTest.java:49) - Navegando a https://opensource-demo.orangehrmlive.com/web/index.php/auth/login con chrome
2026-09-30T20:52:01,450 [main] INFO  (BaseTest.java:49) - Navegando a https://opensource-demo.orangehrmlive.com/web/index.php/auth/login con chrome
2026-09-30T20:52:37,436 [main] INFO  (JsonTestDataHelper.java:32) - Leyendo datos de prueba de resources/testdata/employees.json
2026-09-30T20:52:37,438 [main] INFO  (JsonTestDataHelper.java:36) - Casos leidos: 2
2026-09-30T20:52:44,608 [main] INFO  (BaseTest.java:49) - Navegando a https://opensource-demo.orangehrmlive.com/web/index.php/auth/login con firefox
2026-09-30T20:53:34,478 [main] INFO  (BaseTest.java:49) - Navegando a https://opensource-demo.orangehrmlive.com/web/index.php/auth/login con firefox
2026-09-30T20:57:04,323 [main] INFO  (JsonTestDataHelper.java:32) - Leyendo datos de prueba de resources/testdata/employees.json
2026-09-30T20:57:04,374 [main] INFO  (JsonTestDataHelper.java:36) - Casos leidos: 2
2026-09-30T20:57:10,080 [main] INFO  (BaseTest.java:49) - Navegando a https://opensource-demo.orangehrmlive.com/web/index.php/auth/login con chrome
2026-09-30T20:57:49,525 [main] INFO  (BaseTest.java:49) - Navegando a https://opensource-demo.orangehrmlive.com/web/index.php/auth/login con chrome
2026-09-30T20:58:25,487 [main] INFO  (JsonTestDataHelper.java:32) - Leyendo datos de prueba de resources/testdata/employees.json
2026-09-30T20:58:25,494 [main] INFO  (JsonTestDataHelper.java:36) - Casos leidos: 2
2026-09-30T20:58:33,126 [main] INFO  (BaseTest.java:49) - Navegando a https://opensource-demo.orangehrmlive.com/web/index.php/auth/login con firefox
2026-09-30T20:59:40,614 [main] INFO  (BaseTest.java:49) - Navegando a https://opensource-demo.orangehrmlive.com/web/index.php/auth/login con firefox
2026-09-30T21:43:59,356 [main] INFO  (JsonTestDataHelper.java:32) - Leyendo datos de prueba de resources/testdata/employees.json
2026-09-30T21:43:59,399 [main] INFO  (JsonTestDataHelper.java:36) - Casos leidos: 2
2026-09-30T21:45:21,751 [main] INFO  (BaseTest.java:49) - Navegando a https://opensource-demo.orangehrmlive.com/web/index.php/auth/login con chrome
2026-09-30T21:45:21,786 [main] INFO  (JsonTestDataHelper.java:32) - Leyendo datos de prueba de resources/testdata/employees.json
2026-09-30T21:45:21,787 [main] INFO  (JsonTestDataHelper.java:36) - Casos leidos: 2
2026-09-30T21:45:31,606 [main] INFO  (JsonTestDataHelper.java:32) - Leyendo datos de prueba de resources/testdata/employees.json
2026-09-30T21:45:31,647 [main] INFO  (JsonTestDataHelper.java:36) - Casos leidos: 2
2026-09-30T21:46:23,596 [main] INFO  (BaseTest.java:49) - Navegando a https://opensource-demo.orangehrmlive.com/web/index.php/auth/login con chrome
2026-09-30T21:46:23,630 [main] INFO  (JsonTestDataHelper.java:32) - Leyendo datos de prueba de resources/testdata/employees.json
2026-09-30T21:46:23,634 [main] INFO  (JsonTestDataHelper.java:36) - Casos leidos: 2
2026-09-30T21:46:52,509 [main] INFO  (JsonTestDataHelper.java:32) - Leyendo datos de prueba de resources/testdata/employees.json
2026-09-30T21:46:52,550 [main] INFO  (JsonTestDataHelper.java:36) - Casos leidos: 2
2026-09-30T21:48:10,676 [main] INFO  (BaseTest.java:49) - Navegando a https://opensource-demo.orangehrmlive.com/web/index.php/auth/login con chrome
2026-09-30T21:48:10,736 [main] INFO  (JsonTestDataHelper.java:32) - Leyendo datos de prueba de resources/testdata/employees.json
2026-09-30T21:48:10,740 [main] INFO  (JsonTestDataHelper.java:36) - Casos leidos: 2
2026-09-30T21:48:25,664 [main] INFO  (BaseTest.java:49) - Navegando a https://opensource-demo.orangehrmlive.com/web/index.php/auth/login con firefox
2026-09-30T21:50:21,397 [main] INFO  (JsonTestDataHelper.java:32) - Leyendo datos de prueba de resources/testdata/employees.json
2026-09-30T21:50:21,438 [main] INFO  (JsonTestDataHelper.java:36) - Casos leidos: 2
2026-09-30T21:52:10,844 [main] INFO  (JsonTestDataHelper.java:32) - Leyendo datos de prueba de resources/testdata/employees.json
2026-09-30T21:52:10,885 [main] INFO  (JsonTestDataHelper.java:36) - Casos leidos: 2
2026-09-30T21:52:39,514 [main] INFO  (BaseTest.java:49) - Navegando a https://opensource-demo.orangehrmlive.com/web/index.php/auth/login con chrome
2026-09-30T21:52:48,621 [main] INFO  (JsonTestDataHelper.java:32) - Leyendo datos de prueba de resources/testdata/employees.json
2026-09-30T21:52:48,669 [main] INFO  (JsonTestDataHelper.java:36) - Casos leidos: 2
2026-09-30T21:53:39,354 [main] INFO  (JsonTestDataHelper.java:32) - Leyendo datos de prueba de resources/testdata/employees.json
2026-09-30T21:53:39,420 [main] INFO  (JsonTestDataHelper.java:36) - Casos leidos: 2
2026-09-30T21:56:10,431 [main] INFO  (JsonTestDataHelper.java:32) - Leyendo datos de prueba de resources/testdata/employees.json
2026-09-30T21:56:10,501 [main] INFO  (JsonTestDataHelper.java:36) - Casos leidos: 2
2026-09-30T21:58:09,952 [main] INFO  (BaseTest.java:49) - Navegando a https://opensource-demo.orangehrmlive.com/ con chrome
2026-09-30T21:59:33,455 [main] INFO  (BaseTest.java:49) - Navegando a https://opensource-demo.orangehrmlive.com/ con chrome
2026-09-30T22:00:18,027 [main] INFO  (JsonTestDataHelper.java:32) - Leyendo datos de prueba de resources/testdata/employees.json
2026-09-30T22:00:18,086 [main] INFO  (JsonTestDataHelper.java:36) - Casos leidos: 2
2026-09-30T22:00:24,545 [main] INFO  (BaseTest.java:49) - Navegando a https://opensource-demo.orangehrmlive.com/ con chrome
2026-09-30T22:00:51,556 [main] INFO  (BaseTest.java:49) - Navegando a https://opensource-demo.orangehrmlive.com/ con chrome
2026-09-30T22:02:21,406 [main] INFO  (JsonTestDataHelper.java:32) - Leyendo datos de prueba de resources/testdata/employees.json
2026-09-30T22:02:21,483 [main] INFO  (JsonTestDataHelper.java:36) - Casos leidos: 2
2026-09-30T22:02:27,011 [main] INFO  (BaseTest.java:49) - Navegando a https://opensource-demo.orangehrmlive.com/web/index.php/auth/login con chrome
2026-09-30T22:02:57,700 [main] INFO  (BaseTest.java:49) - Navegando a https://opensource-demo.orangehrmlive.com/web/index.php/auth/login con chrome
